// Jest Snapshot v1, https://goo.gl/fbAQLP

exports[`Pruebas en <GifGrid /> debe mostrar correctamente <GifGrid /> 1`] = `
<Fragment>
  <h3
    className="animate__animated animate__fadeInDown"
  >
    One Punch
  </h3>
  <p
    className="animate__animated animate__flash"
  >
    Loading...
  </p>
  <div
    className="card-grid"
  />
</Fragment>
`;
